[debug] [2026-08-02T05:15:03.689Z] ----------------------------------------------------------------------
[debug] [2026-08-02T05:15:03.691Z] Command:       C:\Program Files\nodejs\node.exe C:\Users\HP\AppData\Roaming\npm\node_modules\firebase-tools\lib\bin\firebase.js deploy --only functions
[debug] [2026-08-02T05:15:03.692Z] CLI Version:   15.22.4
[debug] [2026-08-02T05:15:03.692Z] Platform:      win32
[debug] [2026-08-02T05:15:03.692Z] Node Version:  v22.16.0
[debug] [2026-08-02T05:15:03.692Z] Detected Agent: unknown
[debug] [2026-08-02T05:15:03.693Z] Time:          Sun Aug 02 2026 10:45:03 GMT+0530 (India Standard Time)
[debug] [2026-08-02T05:15:03.693Z] ----------------------------------------------------------------------
[debug] 
[debug] [2026-08-02T05:15:06.758Z] > command requires scopes: ["email","openid","https://www.googleapis.com/auth/cloudplatformprojects.readonly","https://www.googleapis.com/auth/firebase","https://www.googleapis.com/auth/cloud-platform"]
[debug] [2026-08-02T05:15:06.758Z] > authorizing via signed-in user (crednexadev@gmail.com)
[debug] [2026-08-02T05:15:06.758Z] [iam] checking project cred-nexa for permissions ["cloudfunctions.functions.create","cloudfunctions.functions.delete","cloudfunctions.functions.get","cloudfunctions.functions.list","cloudfunctions.functions.update","cloudfunctions.operations.get","firebase.projects.get"]
[debug] [2026-08-02T05:15:06.760Z] Checked if tokens are valid: true, expires at: 1785649735262
[debug] [2026-08-02T05:15:06.760Z] Checked if tokens are valid: true, expires at: 1785649735262
[debug] [2026-08-02T05:15:06.761Z] >>> [apiv2][query] POST https://cloudresourcemanager.googleapis.com/v1/projects/cred-nexa:testIamPermissions [none]
[debug] [2026-08-02T05:15:06.761Z] >>> [apiv2][(partial)header] POST https://cloudresourcemanager.googleapis.com/v1/projects/cred-nexa:testIamPermissions  x-goog-user-project=cred-nexa
[debug] [2026-08-02T05:15:06.761Z] >>> [apiv2][body] POST https://cloudresourcemanager.googleapis.com/v1/projects/cred-nexa:testIamPermissions {"permissions":["cloudfunctions.functions.create","cloudfunctions.functions.delete","cloudfunctions.functions.get","cloudfunctions.functions.list","cloudfunctions.functions.update","cloudfunctions.operations.get","firebase.projects.get"]}
[debug] [2026-08-02T05:15:08.392Z] <<< [apiv2][status] POST https://cloudresourcemanager.googleapis.com/v1/projects/cred-nexa:testIamPermissions 200
[debug] [2026-08-02T05:15:08.393Z] <<< [apiv2][body] POST https://cloudresourcemanager.googleapis.com/v1/projects/cred-nexa:testIamPermissions {"permissions":["cloudfunctions.functions.create","cloudfunctions.functions.delete","cloudfunctions.functions.get","cloudfunctions.functions.list","cloudfunctions.functions.update","cloudfunctions.operations.get","firebase.projects.get"]}
[debug] [2026-08-02T05:15:08.393Z] Checked if tokens are valid: true, expires at: 1785649735262
[debug] [2026-08-02T05:15:08.393Z] Checked if tokens are valid: true, expires at: 1785649735262
[debug] [2026-08-02T05:15:08.393Z] >>> [apiv2][query] POST https://iam.googleapis.com/v1/projects/cred-nexa/serviceAccounts/cred-nexa@appspot.gserviceaccount.com:testIamPermissions [none]
[debug] [2026-08-02T05:15:08.393Z] >>> [apiv2][body] POST https://iam.googleapis.com/v1/projects/cred-nexa/serviceAccounts/cred-nexa@appspot.gserviceaccount.com:testIamPermissions {"permissions":["iam.serviceAccounts.actAs"]}
[debug] [2026-08-02T05:15:10.178Z] <<< [apiv2][status] POST https://iam.googleapis.com/v1/projects/cred-nexa/serviceAccounts/cred-nexa@appspot.gserviceaccount.com:testIamPermissions 200
[debug] [2026-08-02T05:15:10.178Z] <<< [apiv2][body] POST https://iam.googleapis.com/v1/projects/cred-nexa/serviceAccounts/cred-nexa@appspot.gserviceaccount.com:testIamPermissions {"permissions":["iam.serviceAccounts.actAs"]}
[info] 
[info] === Deploying to 'cred-nexa'...
[info] 
[info] i  deploying functions 
[info] Running command: npm --prefix "$RESOURCE_DIR" run lint
[info] +  functions: Finished running predeploy script. 
[debug] [2026-08-02T05:15:12.679Z] Checked if tokens are valid: true, expires at: 1785649735262
[debug] [2026-08-02T05:15:12.680Z] Checked if tokens are valid: true, expires at: 1785649735262
[debug] [2026-08-02T05:15:12.680Z] >>> [apiv2][query] GET https://cloudresourcemanager.googleapis.com/v1/projects/cred-nexa [none]
[debug] [2026-08-02T05:15:13.077Z] <<< [apiv2][status] GET https://cloudresourcemanager.googleapis.com/v1/projects/cred-nexa 200
[debug] [2026-08-02T05:15:13.077Z] <<< [apiv2][body] GET https://cloudresourcemanager.googleapis.com/v1/projects/cred-nexa {"projectNumber":"376411048243","projectId":"cred-nexa","lifecycleState":"ACTIVE","name":"cred-nexa","labels":{"firebase":"enabled","firebase-core":"disabled"},"createTime":"2026-05-22T05:24:08.538Z"}
[info] i  functions: preparing codebase default for deployment 
[info] i  functions: ensuring required API cloudfunctions.googleapis.com is enabled... 
[info] i  functions: ensuring required API cloudbuild.googleapis.com is enabled... 
[info] i  artifactregistry: ensuring required API artifactregistry.googleapis.com is enabled... 
[debug] [2026-08-02T05:15:13.084Z] Checked if tokens are valid: true, expires at: 1785649735262
[debug] [2026-08-02T05:15:13.084Z] Checked if tokens are valid: true, expires at: 1785649735262
[debug] [2026-08-02T05:15:13.084Z] >>> [apiv2][query] GET https://firebase.googleapis.com/v1beta1/projects/cred-nexa/adminSdkConfig [none]
[debug] [2026-08-02T05:15:13.917Z] <<< [apiv2][status] GET https://firebase.googleapis.com/v1beta1/projects/cred-nexa/adminSdkConfig 200
[debug] [2026-08-02T05:15:13.917Z] <<< [apiv2][body] GET https://firebase.googleapis.com/v1beta1/projects/cred-nexa/adminSdkConfig {"projectId":"cred-nexa","storageBucket":"cred-nexa.firebasestorage.app"}
[debug] [2026-08-02T05:15:13.918Z] Checked if tokens are valid: true, expires at: 1785649735262
[debug] [2026-08-02T05:15:13.918Z] Checked if tokens are valid: true, expires at: 1785649735262
[debug] [2026-08-02T05:15:13.918Z] >>> [apiv2][query] GET https://runtimeconfig.googleapis.com/v1beta1/projects/cred-nexa/configs [none]
[debug] [2026-08-02T05:15:14.384Z] <<< [apiv2][status] GET https://runtimeconfig.googleapis.com/v1beta1/projects/cred-nexa/configs 200
[debug] [2026-08-02T05:15:14.384Z] <<< [apiv2][body] GET https://runtimeconfig.googleapis.com/v1beta1/projects/cred-nexa/configs {}
[debug] [2026-08-02T05:15:14.386Z] Validating nodejs source
[warn] !  functions: Runtime Node.js 20 was deprecated on 2026-04-30 and will be decommissioned on 2026-10-30, after which you will not be able to deploy without upgrading. Consider upgrading now to avoid disruption. See https://cloud.google.com/functions/docs/runtime-support for full details on the lifecycle policy 
[warn] !  functions: package.json indicates an outdated version of firebase-functions. Please upgrade using npm install --save firebase-functions@latest in your functions directory. 
[warn] !  functions: Please note that there will be breaking changes when you upgrade. 
[debug] [2026-08-02T05:15:16.423Z] > [functions] package.json contents: {
  "name": "emi-shield-backend",
  "version": "0.1.0",
  "description": "Firebase Functions, Express, and Mongoose backend for EMI Shield.",
  "type": "module",
  "main": "index.js",
  "scripts": {
    "dev": "nodemon src/server.js",
    "start": "node src/server.js",
    "serve": "firebase emulators:start --only functions",
    "deploy": "firebase deploy --only functions",
    "lint": "eslint . --ext .js",
    "test": "node --test",
    "worker:fcm": "node src/jobs/fcmDeliveryWorker.js",
    "jobs:scheduled": "node src/jobs/scheduledJobs.js",
    "migrate:optional-account-email": "node src/scripts/migrateOptionalAccountEmail.js",
    "migrate:risk-auto-lock-types": "node src/scripts/migrateRiskAutoLockTypes.js",
    "cleanup:security-control-commands": "node src/scripts/cleanupSecurityControlCommands.js",
    "backfill:tenant-poc": "node src/scripts/backfillTenantPoc.js"
  },
  "dependencies": {
    "bcryptjs": "^2.4.3",
    "cookie-parser": "^1.4.7",
    "cors": "^2.8.5",
    "dotenv": "^16.4.7",
    "express": "^4.21.2",
    "express-rate-limit": "^8.6.0",
    "firebase": "^12.14.0",
    "firebase-admin": "^13.10.0",
    "firebase-functions": "^6.6.0",
    "googleapis": "^173.0.0",
    "helmet": "^8.0.0",
    "jsonwebtoken": "^9.0.2",
    "mongoose": "^8.9.5",
    "morgan": "^1.10.0",
    "multer": "^2.1.1",
    "nodemailer": "^9.0.3",
    "qrcode": "^1.5.4",
    "sharp": "^0.35.2"
  },
  "devDependencies": {
    "eslint": "^9.18.0",
    "nodemon": "^3.1.9"
  },
  "engines": {
    "node": ">=20"
  }
}
[debug] [2026-08-02T05:15:16.423Z] Building nodejs source
[info] i  functions: Loading and analyzing source code for codebase default to determine what to deploy 
[debug] [2026-08-02T05:15:16.425Z] Could not find functions.yaml. Must use http discovery
[debug] [2026-08-02T05:15:16.442Z] Found firebase-functions binary at 'D:\Practise Projects\EMI Shield\backend\node_modules\.bin\firebase-functions'
[info] Serving at port 8296

[debug] [2026-08-02T05:15:21.287Z] Got response from /__/functions.yaml {"endpoints":{"api":{"availableMemoryMb":512,"timeoutSeconds":null,"minInstances":null,"maxInstances":10,"ingressSettings":null,"concurrency":4,"serviceAccountEmail":null,"vpc":null,"platform":"gcfv2","region":["asia-south1"],"labels":{},"httpsTrigger":{},"entryPoint":"api"},"emiPolicyJob":{"availableMemoryMb":null,"timeoutSeconds":null,"minInstances":null,"maxInstances":10,"ingressSettings":null,"concurrency":null,"serviceAccountEmail":null,"vpc":null,"platform":"gcfv2","region":["asia-south1"],"labels":{},"scheduleTrigger":{"schedule":"*/30 * * * *","retryConfig":{"retryCount":0},"timeZone":"UTC"},"entryPoint":"emiPolicyJob"},"fcmDeliveryJob":{"availableMemoryMb":null,"timeoutSeconds":null,"minInstances":null,"maxInstances":10,"ingressSettings":null,"concurrency":null,"serviceAccountEmail":null,"vpc":null,"platform":"gcfv2","region":["asia-south1"],"labels":{},"scheduleTrigger":{"schedule":"* * * * *","retryConfig":{"retryCount":0},"timeZone":"UTC"},"entryPoint":"fcmDeliveryJob"},"manualOverrideTokenRenewalJob":{"availableMemoryMb":null,"timeoutSeconds":null,"minInstances":null,"maxInstances":10,"ingressSettings":null,"concurrency":null,"serviceAccountEmail":null,"vpc":null,"platform":"gcfv2","region":["asia-south1"],"labels":{},"scheduleTrigger":{"schedule":"0 0 * * *","retryConfig":{"retryCount":0},"timeZone":"UTC"},"entryPoint":"manualOverrideTokenRenewalJob"},"slaEscalationJob":{"availableMemoryMb":null,"timeoutSeconds":null,"minInstances":null,"maxInstances":10,"ingressSettings":null,"concurrency":null,"serviceAccountEmail":null,"vpc":null,"platform":"gcfv2","region":["asia-south1"],"labels":{},"scheduleTrigger":{"schedule":"*/30 * * * *","retryConfig":{"retryCount":0},"timeZone":"UTC"},"entryPoint":"slaEscalationJob"},"tempUnlockExpiryJob":{"availableMemoryMb":null,"timeoutSeconds":null,"minInstances":null,"maxInstances":10,"ingressSettings":null,"concurrency":null,"serviceAccountEmail":null,"vpc":null,"platform":"gcfv2","region":["asia-south1"],"labels":{},"scheduleTrigger":{"schedule":"*/10 * * * *","retryConfig":{"retryCount":0},"timeZone":"UTC"},"entryPoint":"tempUnlockExpiryJob"},"tenantMetricsReconciliationJob":{"availableMemoryMb":null,"timeoutSeconds":null,"minInstances":null,"maxInstances":10,"ingressSettings":null,"concurrency":null,"serviceAccountEmail":null,"vpc":null,"platform":"gcfv2","region":["asia-south1"],"labels":{},"scheduleTrigger":{"schedule":"0 1 * * *","retryConfig":{"retryCount":0},"timeZone":"UTC"},"entryPoint":"tenantMetricsReconciliationJob"}},"specVersion":"v1alpha1","requiredAPIs":[{"api":"cloudscheduler.googleapis.com","reason":"Needed for scheduled functions."}],"extensions":{}}
